******************************************************************************
                  TI ARM Linker PC v15.12.1                    
******************************************************************************
>> Linked Tue Jun 28 15:52:48 2016

OUTPUT FILE NAME:   <GHpower.out>
ENTRY POINT SYMBOL: "_c_int00"  address: 20004a71


MEMORY CONFIGURATION

         name            origin    length      used     unused   attr    fill
----------------------  --------  ---------  --------  --------  ----  --------
  SRAM_CODE             20004000   00012fff  0000100c  00011ff3  RW X
  SRAM_DATA             20017000   00019000  0000052e  00018ad2  RW X


SEGMENT ALLOCATION MAP

run origin  load origin   length   init length attrs members
----------  ----------- ---------- ----------- ----- -------
20004000    20004000    00001010   00001010    r-x
  20004000    20004000    00000308   00000308    r-- .intvecs
  20004308    20004308    00000ab4   00000ab4    r-x .text
  20004dbc    20004dbc    00000228   00000228    r-- .const
  20004fe8    20004fe8    00000028   00000028    r-- .cinit
20017000    20017000    0000001c   00000000    rw-
  20017000    20017000    0000001c   00000000    rw- .data
2002faec    2002faec    00000512   00000000    rw-
  2002faec    2002faec    00000512   00000000    rw- .stack


SECTION ALLOCATION MAP

 output                                  attributes/
section   page    origin      length       input sections
--------  ----  ----------  ----------   ----------------
.intvecs   0    20004000    00000308     
                  20004000    00000308     startup_ccs.obj (.intvecs)

.init_array 
*          0    20004000    00000000     UNINITIALIZED

.text      0    20004308    00000ab4     
                  20004308    0000015c     pin_mux_config.obj (.text)
                  20004464    00000140     main.obj (.text)
                  200045a4    000000a8     driverlib.a : interrupt.obj (.text:IntEnable)
                  2000464c    0000009c     rtsv7M4_T_le_eabi.lib : memcpy_t2.obj (.text)
                  200046e8    00000088     driverlib.a : pin.obj (.text:PinConfigSet)
                  20004770    00000082                 : gpio.obj (.text:GPIOIntTypeSet)
                  200047f2    0000007a     rtsv7M4_T_le_eabi.lib : memset_t2.obj (.text)
                  2000486c    00000070                           : autoinit.obj (.text)
                  200048dc    0000006a                           : copy_decompress_rle.obj (.text)
                  20004946    00000002                           : mpu_init.obj (.text)
                  20004948    00000054                           : exit.obj (.text)
                  2000499c    0000004c                           : cpy_tbl.obj (.text)
                  200049e8    00000048     driverlib.a : gpio.obj (.text:GPIOGetIntNumber)
                  20004a30    00000040                 : pin.obj (.text:PinModeSet)
                  20004a70    00000040     rtsv7M4_T_le_eabi.lib : boot.obj (.text)
                  20004ab0    0000003c     driverlib.a : prcm.obj (.text:PRCMPeripheralClkEnable)
                  20004aec    00000038                 : adc.obj (.text:ADCChannelDisable)
                  20004b24    00000038                 : adc.obj (.text:ADCChannelEnable)
                  20004b5c    00000036                 : gpio.obj (.text:GPIODirModeSet)
                  20004b92    00000030                 : pin.obj (.text:PinTypeGPIO)
                  20004bc2    00000022                 : adc.obj (.text:ADCTimerConfig)
                  20004be4    00000020                 : gpio.obj (.text:GPIOPinWrite)
                  20004c04    00000020                 : interrupt.obj (.text:IntRegister)
                  20004c24    0000001e                 : gpio.obj (.text:GPIOIntRegister)
                  20004c42    0000001c                 : adc.obj (.text:ADCFIFOLvlGet)
                  20004c5e    0000001a                 : gpio.obj (.text:GPIOIntEnable)
                  20004c78    0000001a                 : pin.obj (.text:PinTypeTimer)
                  20004c92    0000001a                 : pin.obj (.text:PinTypeUART)
                  20004cac    00000018                 : adc.obj (.text:ADCFIFORead)
                  20004cc4    00000018     rtsv7M4_T_le_eabi.lib : args_main.obj (.text)
                  20004cdc    00000016     driverlib.a : adc.obj (.text:ADCTimerDisable)
                  20004cf2    00000016                 : adc.obj (.text:ADCTimerEnable)
                  20004d08    00000014                 : adc.obj (.text:ADCEnable)
                  20004d1c    00000014                 : cpu.obj (.text:CPUcpsid)
                  20004d30    00000014                 : cpu.obj (.text:CPUcpsie)
                  20004d44    00000014                 : interrupt.obj (.text:IntVTableBaseSet)
                  20004d58    00000014                 : pin.obj (.text:PinTypeADC)
                  20004d6c    00000014     rtsv7M4_T_le_eabi.lib : _lock.obj (.text)
                  20004d80    0000000e                           : copy_decompress_none.obj (.text:decompress:none)
                  20004d8e    0000000e     startup_ccs.obj (.text)
                  20004d9c    0000000a     driverlib.a : interrupt.obj (.text:IntMasterDisable)
                  20004da6    0000000a                 : interrupt.obj (.text:IntMasterEnable)
                  20004db0    00000006     rtsv7M4_T_le_eabi.lib : copy_decompress_rle.obj (.text:decompress:rle24)
                  20004db6    00000004                           : pre_init.obj (.text)
                  20004dba    00000002                           : startup.obj (.text)

.const     0    20004dbc    00000228     
                  20004dbc    00000100     driverlib.a : pin.obj (.const:g_ulPinToPadMap)
                  20004ebc    000000a8                 : prcm.obj (.const:PRCM_PeriphRegsList)
                  20004f64    00000080                 : interrupt.obj (.const)

.cinit     0    20004fe8    00000028     
                  20004fe8    00000018     (.cinit..data.load) [load image, compression = rle]
                  20005000    00000008     (__TI_handler_table)
                  20005008    00000008     (__TI_cinit_table)

.data      0    20017000    0000001c     UNINITIALIZED
                  20017000    0000000c     rtsv7M4_T_le_eabi.lib : exit.obj (.data:$O1$$)
                  2001700c    00000008                           : _lock.obj (.data:$O1$$)
                  20017014    00000004     main.obj (.data)
                  20017018    00000004     rtsv7M4_T_le_eabi.lib : stkdepth_vars.obj (.data)

.stack     0    2002faec    00000512     UNINITIALIZED
                  2002faec    00000512     --HOLE--

MODULE SUMMARY

       Module                     code   ro data   rw data
       ------                     ----   -------   -------
    .\
       startup_ccs.obj            14     776       0      
       pin_mux_config.obj         348    0         0      
       main.obj                   320    0         4      
    +--+--------------------------+------+---------+---------+
       Total:                     682    776       4      
                                                          
    C:/TI/CC3200SDK_1.2.0/cc3200-sdk/driverlib/ccs/Release/driverlib.a
       pin.obj                    320    256       0      
       interrupt.obj              240    128       0      
       gpio.obj                   344    0         0      
       adc.obj                    262    0         0      
       prcm.obj                   60     168       0      
       cpu.obj                    40     0         0      
    +--+--------------------------+------+---------+---------+
       Total:                     1266   552       0      
                                                          
    C:\TI\ccsv6\tools\compiler\ti-cgt-arm_15.12.1.LTS\lib\rtsv7M4_T_le_eabi.lib
       memcpy_t2.obj              156    0         0      
       memset_t2.obj              122    0         0      
       autoinit.obj               112    0         0      
       copy_decompress_rle.obj    112    0         0      
       exit.obj                   84     0         12     
       cpy_tbl.obj                76     0         0      
       boot.obj                   64     0         0      
       _lock.obj                  20     0         8      
       args_main.obj              24     0         0      
       copy_decompress_none.obj   14     0         0      
       pre_init.obj               4      0         0      
       stkdepth_vars.obj          0      0         4      
       mpu_init.obj               2      0         0      
       startup.obj                2      0         0      
    +--+--------------------------+------+---------+---------+
       Total:                     792    0         24     
                                                          
       Stack:                     0      0         1298   
       Linker Generated:          0      40        0      
    +--+--------------------------+------+---------+---------+
       Grand Total:               2740   1368      1326   


LINKER GENERATED COPY TABLES

__TI_cinit_table @ 20005008 records: 1, size/record: 8, table size: 8
	.data: load addr=20004fe8, load size=00000018 bytes, run addr=20017000, run size=0000001c bytes, compression=rle


LINKER GENERATED HANDLER TABLE

__TI_handler_table @ 20005000 records: 2, size/record: 4, table size: 8
	index: 0, handler: __TI_decompress_rle24
	index: 1, handler: __TI_decompress_none


GLOBAL SYMBOLS: SORTED ALPHABETICALLY BY Name 

address   name                           
-------   ----                           
20004aed  ADCChannelDisable              
20004b25  ADCChannelEnable               
20004d09  ADCEnable                      
20004c43  ADCFIFOLvlGet                  
20004cad  ADCFIFORead                    
20004bc3  ADCTimerConfig                 
20004cdd  ADCTimerDisable                
20004cf3  ADCTimerEnable                 
20004547  ADC_1                          
200044e7  ADC_2                          
200044af  ADC_init                       
20004949  C$$EXIT                        
20004d1d  CPUcpsid                       
20004d31  CPUcpsie                       
20004b5d  GPIODirModeSet                 
20004c5f  GPIOIntEnable                  
20004c25  GPIOIntRegister                
20004771  GPIOIntTypeSet                 
20004be5  GPIOPinWrite                   
2000453d  INT_1                          
2000453b  INT_2                          
20004465  INT_init                       
200045a5  IntEnable                      
20004d9d  IntMasterDisable               
20004da7  IntMasterEnable                
20004c05  IntRegister                    
20004d45  IntVTableBaseSet               
20004ab1  PRCMPeripheralClkEnable        
200046e9  PinConfigSet                   
20004a31  PinModeSet                     
20004309  PinMuxConfig                   
20004d59  PinTypeADC                     
20004b93  PinTypeGPIO                    
20004c79  PinTypeTimer                   
20004c93  PinTypeUART                    
20004d8f  ResetISR                       
UNDEFED   SHT$$INIT_ARRAY$$Base          
UNDEFED   SHT$$INIT_ARRAY$$Limit         
2002fffe  __STACK_END                    
00000512  __STACK_SIZE                   
20005008  __TI_CINIT_Base                
20005010  __TI_CINIT_Limit               
20005000  __TI_Handler_Table_Base        
20005008  __TI_Handler_Table_Limit       
2000486d  __TI_auto_init                 
20017000  __TI_cleanup_ptr               
20004d81  __TI_decompress_none           
20004db1  __TI_decompress_rle24          
20017004  __TI_dtors_ptr                 
20017008  __TI_enable_exit_profile_output
ffffffff  __TI_pprof_out_hndl            
ffffffff  __TI_prof_data_size            
ffffffff  __TI_prof_data_start           
20004fe8  __TI_static_base__             
200047f3  __aeabi_memclr                 
200047f3  __aeabi_memclr4                
200047f3  __aeabi_memclr8                
2000464d  __aeabi_memcpy                 
2000464d  __aeabi_memcpy4                
2000464d  __aeabi_memcpy8                
200047f5  __aeabi_memset                 
200047f5  __aeabi_memset4                
200047f5  __aeabi_memset8                
ffffffff  __binit__                      
ffffffff  __c_args__                     
20004947  __mpu_init                     
2002faec  __stack                        
20004cc5  _args_main                     
20004a71  _c_int00                       
2001700c  _lock                          
20004d7b  _nop                           
20004d73  _register_lock                 
20004d6d  _register_unlock               
20004dbb  _system_post_cinit             
20004db7  _system_pre_init               
20017010  _unlock                        
2000494d  abort                          
ffffffff  binit                          
2000499d  copy_in                        
20004955  exit                           
20004000  g_pfnVectors                   
20017014  k                              
20004523  main                           
20017018  main_func_sp                   
2000464d  memcpy                         
200047fb  memset                         


GLOBAL SYMBOLS: SORTED BY Symbol Address 

address   name                           
-------   ----                           
00000512  __STACK_SIZE                   
20004000  g_pfnVectors                   
20004309  PinMuxConfig                   
20004465  INT_init                       
200044af  ADC_init                       
200044e7  ADC_2                          
20004523  main                           
2000453b  INT_2                          
2000453d  INT_1                          
20004547  ADC_1                          
200045a5  IntEnable                      
2000464d  __aeabi_memcpy                 
2000464d  __aeabi_memcpy4                
2000464d  __aeabi_memcpy8                
2000464d  memcpy                         
200046e9  PinConfigSet                   
20004771  GPIOIntTypeSet                 
200047f3  __aeabi_memclr                 
200047f3  __aeabi_memclr4                
200047f3  __aeabi_memclr8                
200047f5  __aeabi_memset                 
200047f5  __aeabi_memset4                
200047f5  __aeabi_memset8                
200047fb  memset                         
2000486d  __TI_auto_init                 
20004947  __mpu_init                     
20004949  C$$EXIT                        
2000494d  abort                          
20004955  exit                           
2000499d  copy_in                        
20004a31  PinModeSet                     
20004a71  _c_int00                       
20004ab1  PRCMPeripheralClkEnable        
20004aed  ADCChannelDisable              
20004b25  ADCChannelEnable               
20004b5d  GPIODirModeSet                 
20004b93  PinTypeGPIO                    
20004bc3  ADCTimerConfig                 
20004be5  GPIOPinWrite                   
20004c05  IntRegister                    
20004c25  GPIOIntRegister                
20004c43  ADCFIFOLvlGet                  
20004c5f  GPIOIntEnable                  
20004c79  PinTypeTimer                   
20004c93  PinTypeUART                    
20004cad  ADCFIFORead                    
20004cc5  _args_main                     
20004cdd  ADCTimerDisable                
20004cf3  ADCTimerEnable                 
20004d09  ADCEnable                      
20004d1d  CPUcpsid                       
20004d31  CPUcpsie                       
20004d45  IntVTableBaseSet               
20004d59  PinTypeADC                     
20004d6d  _register_unlock               
20004d73  _register_lock                 
20004d7b  _nop                           
20004d81  __TI_decompress_none           
20004d8f  ResetISR                       
20004d9d  IntMasterDisable               
20004da7  IntMasterEnable                
20004db1  __TI_decompress_rle24          
20004db7  _system_pre_init               
20004dbb  _system_post_cinit             
20004fe8  __TI_static_base__             
20005000  __TI_Handler_Table_Base        
20005008  __TI_CINIT_Base                
20005008  __TI_Handler_Table_Limit       
20005010  __TI_CINIT_Limit               
20017000  __TI_cleanup_ptr               
20017004  __TI_dtors_ptr                 
20017008  __TI_enable_exit_profile_output
2001700c  _lock                          
20017010  _unlock                        
20017014  k                              
20017018  main_func_sp                   
2002faec  __stack                        
2002fffe  __STACK_END                    
ffffffff  __TI_pprof_out_hndl            
ffffffff  __TI_prof_data_size            
ffffffff  __TI_prof_data_start           
ffffffff  __binit__                      
ffffffff  __c_args__                     
ffffffff  binit                          
UNDEFED   SHT$$INIT_ARRAY$$Base          
UNDEFED   SHT$$INIT_ARRAY$$Limit         

[86 symbols]
