******************************************************************************
                  TI ARM Linker PC v15.12.1                    
******************************************************************************
>> Linked Tue Jun 28 18:48:23 2016

OUTPUT FILE NAME:   <GHpower.out>
ENTRY POINT SYMBOL: "_c_int00"  address: 20004a79


MEMORY CONFIGURATION

         name            origin    length      used     unused   attr    fill
----------------------  --------  ---------  --------  --------  ----  --------
  SRAM_CODE             20004000   00012fff  0000101a  00011fe5  RW X
  SRAM_DATA             20017000   00019000  0000052e  00018ad2  RW X


SEGMENT ALLOCATION MAP

run origin  load origin   length   init length attrs members
----------  ----------- ---------- ----------- ----- -------
20004000    20004000    00001020   00001020    r-x
  20004000    20004000    00000308   00000308    r-- .intvecs
  20004308    20004308    00000ac2   00000ac2    r-x .text
  20004dcc    20004dcc    00000228   00000228    r-- .const
  20004ff8    20004ff8    00000028   00000028    r-- .cinit
20017000    20017000    0000001c   00000000    rw-
  20017000    20017000    0000001c   00000000    rw- .data
2002faec    2002faec    00000512   00000000    rw-
  2002faec    2002faec    00000512   00000000    rw- .stack


SECTION ALLOCATION MAP

 output                                  attributes/
section   page    origin      length       input sections
--------  ----  ----------  ----------   ----------------
.intvecs   0    20004000    00000308     
                  20004000    00000308     startup_ccs.obj (.intvecs)

.init_array 
*          0    20004000    00000000     UNINITIALIZED

.text      0    20004308    00000ac2     
                  20004308    0000015c     pin_mux_config.obj (.text)
                  20004464    00000148     main.obj (.text)
                  200045ac    000000a8     driverlib.a : interrupt.obj (.text:IntEnable)
                  20004654    0000009c     rtsv7M4_T_le_eabi.lib : memcpy_t2.obj (.text)
                  200046f0    00000088     driverlib.a : pin.obj (.text:PinConfigSet)
                  20004778    00000082                 : gpio.obj (.text:GPIOIntTypeSet)
                  200047fa    0000007a     rtsv7M4_T_le_eabi.lib : memset_t2.obj (.text)
                  20004874    00000070                           : autoinit.obj (.text)
                  200048e4    0000006a                           : copy_decompress_rle.obj (.text)
                  2000494e    00000002                           : mpu_init.obj (.text)
                  20004950    00000054                           : exit.obj (.text)
                  200049a4    0000004c                           : cpy_tbl.obj (.text)
                  200049f0    00000048     driverlib.a : gpio.obj (.text:GPIOGetIntNumber)
                  20004a38    00000040                 : pin.obj (.text:PinModeSet)
                  20004a78    00000040     rtsv7M4_T_le_eabi.lib : boot.obj (.text)
                  20004ab8    0000003c     driverlib.a : prcm.obj (.text:PRCMPeripheralClkEnable)
                  20004af4    00000038                 : adc.obj (.text:ADCChannelDisable)
                  20004b2c    00000038                 : adc.obj (.text:ADCChannelEnable)
                  20004b64    00000036                 : gpio.obj (.text:GPIODirModeSet)
                  20004b9a    00000030                 : pin.obj (.text:PinTypeGPIO)
                  20004bca    00000022                 : adc.obj (.text:ADCTimerConfig)
                  20004bec    00000020                 : gpio.obj (.text:GPIOPinWrite)
                  20004c0c    00000020                 : interrupt.obj (.text:IntRegister)
                  20004c2c    0000001e                 : gpio.obj (.text:GPIOIntRegister)
                  20004c4a    0000001c                 : adc.obj (.text:ADCFIFOLvlGet)
                  20004c66    0000001a                 : gpio.obj (.text:GPIOIntEnable)
                  20004c80    0000001a                 : pin.obj (.text:PinTypeTimer)
                  20004c9a    0000001a                 : pin.obj (.text:PinTypeUART)
                  20004cb4    00000018                 : adc.obj (.text:ADCFIFORead)
                  20004ccc    00000018     rtsv7M4_T_le_eabi.lib : args_main.obj (.text)
                  20004ce4    00000016     driverlib.a : adc.obj (.text:ADCTimerDisable)
                  20004cfa    00000016                 : adc.obj (.text:ADCTimerEnable)
                  20004d10    00000014                 : adc.obj (.text:ADCEnable)
                  20004d24    00000014                 : cpu.obj (.text:CPUcpsid)
                  20004d38    00000014                 : cpu.obj (.text:CPUcpsie)
                  20004d4c    00000014                 : interrupt.obj (.text:IntVTableBaseSet)
                  20004d60    00000014                 : pin.obj (.text:PinTypeADC)
                  20004d74    00000014     rtsv7M4_T_le_eabi.lib : _lock.obj (.text)
                  20004d88    0000000e                           : copy_decompress_none.obj (.text:decompress:none)
                  20004d96    0000000e     startup_ccs.obj (.text)
                  20004da4    0000000a     driverlib.a : interrupt.obj (.text:IntMasterDisable)
                  20004dae    0000000a                 : interrupt.obj (.text:IntMasterEnable)
                  20004db8    00000006                 : utils.obj (.text:UtilsDelay)
                  20004dbe    00000006     rtsv7M4_T_le_eabi.lib : copy_decompress_rle.obj (.text:decompress:rle24)
                  20004dc4    00000004                           : pre_init.obj (.text)
                  20004dc8    00000002                           : startup.obj (.text)

.const     0    20004dcc    00000228     
                  20004dcc    00000100     driverlib.a : pin.obj (.const:g_ulPinToPadMap)
                  20004ecc    000000a8                 : prcm.obj (.const:PRCM_PeriphRegsList)
                  20004f74    00000080                 : interrupt.obj (.const)

.cinit     0    20004ff8    00000028     
                  20004ff8    00000018     (.cinit..data.load) [load image, compression = rle]
                  20005010    00000008     (__TI_handler_table)
                  20005018    00000008     (__TI_cinit_table)

.data      0    20017000    0000001c     UNINITIALIZED
                  20017000    0000000c     rtsv7M4_T_le_eabi.lib : exit.obj (.data:$O1$$)
                  2001700c    00000008                           : _lock.obj (.data:$O1$$)
                  20017014    00000004     main.obj (.data)
                  20017018    00000004     rtsv7M4_T_le_eabi.lib : stkdepth_vars.obj (.data)

.stack     0    2002faec    00000512     UNINITIALIZED
                  2002faec    00000512     --HOLE--

MODULE SUMMARY

       Module                     code   ro data   rw data
       ------                     ----   -------   -------
    .\
       startup_ccs.obj            14     776       0      
       pin_mux_config.obj         348    0         0      
       main.obj                   328    0         4      
    +--+--------------------------+------+---------+---------+
       Total:                     690    776       4      
                                                          
    C:/TI/CC3200SDK_1.2.0/cc3200-sdk/driverlib/ccs/Release/driverlib.a
       pin.obj                    320    256       0      
       interrupt.obj              240    128       0      
       gpio.obj                   344    0         0      
       adc.obj                    262    0         0      
       prcm.obj                   60     168       0      
       cpu.obj                    40     0         0      
       utils.obj                  6      0         0      
    +--+--------------------------+------+---------+---------+
       Total:                     1272   552       0      
                                                          
    C:\TI\ccsv6\tools\compiler\ti-cgt-arm_15.12.1.LTS\lib\rtsv7M4_T_le_eabi.lib
       memcpy_t2.obj              156    0         0      
       memset_t2.obj              122    0         0      
       autoinit.obj               112    0         0      
       copy_decompress_rle.obj    112    0         0      
       exit.obj                   84     0         12     
       cpy_tbl.obj                76     0         0      
       boot.obj                   64     0         0      
       _lock.obj                  20     0         8      
       args_main.obj              24     0         0      
       copy_decompress_none.obj   14     0         0      
       pre_init.obj               4      0         0      
       stkdepth_vars.obj          0      0         4      
       mpu_init.obj               2      0         0      
       startup.obj                2      0         0      
    +--+--------------------------+------+---------+---------+
       Total:                     792    0         24     
                                                          
       Stack:                     0      0         1298   
       Linker Generated:          0      40        0      
    +--+--------------------------+------+---------+---------+
       Grand Total:               2754   1368      1326   


LINKER GENERATED COPY TABLES

__TI_cinit_table @ 20005018 records: 1, size/record: 8, table size: 8
	.data: load addr=20004ff8, load size=00000018 bytes, run addr=20017000, run size=0000001c bytes, compression=rle


LINKER GENERATED HANDLER TABLE

__TI_handler_table @ 20005010 records: 2, size/record: 4, table size: 8
	index: 0, handler: __TI_decompress_rle24
	index: 1, handler: __TI_decompress_none


GLOBAL SYMBOLS: SORTED ALPHABETICALLY BY Name 

address   name                           
-------   ----                           
20004af5  ADCChannelDisable              
20004b2d  ADCChannelEnable               
20004d11  ADCEnable                      
20004c4b  ADCFIFOLvlGet                  
20004cb5  ADCFIFORead                    
20004bcb  ADCTimerConfig                 
20004ce5  ADCTimerDisable                
20004cfb  ADCTimerEnable                 
2000454f  ADC_0                          
20004513  ADC_1                          
200044af  ADC_init                       
20004951  C$$EXIT                        
20004d25  CPUcpsid                       
20004d39  CPUcpsie                       
20004b65  GPIODirModeSet                 
20004c67  GPIOIntEnable                  
20004c2d  GPIOIntRegister                
20004779  GPIOIntTypeSet                 
20004bed  GPIOPinWrite                   
20004509  INT_1                          
20004507  INT_2                          
20004465  INT_init                       
200045ad  IntEnable                      
20004da5  IntMasterDisable               
20004daf  IntMasterEnable                
20004c0d  IntRegister                    
20004d4d  IntVTableBaseSet               
20004ab9  PRCMPeripheralClkEnable        
200046f1  PinConfigSet                   
20004a39  PinModeSet                     
20004309  PinMuxConfig                   
20004d61  PinTypeADC                     
20004b9b  PinTypeGPIO                    
20004c81  PinTypeTimer                   
20004c9b  PinTypeUART                    
20004d97  ResetISR                       
UNDEFED   SHT$$INIT_ARRAY$$Base          
UNDEFED   SHT$$INIT_ARRAY$$Limit         
20004db9  UtilsDelay                     
2002fffe  __STACK_END                    
00000512  __STACK_SIZE                   
20005018  __TI_CINIT_Base                
20005020  __TI_CINIT_Limit               
20005010  __TI_Handler_Table_Base        
20005018  __TI_Handler_Table_Limit       
20004875  __TI_auto_init                 
20017000  __TI_cleanup_ptr               
20004d89  __TI_decompress_none           
20004dbf  __TI_decompress_rle24          
20017004  __TI_dtors_ptr                 
20017008  __TI_enable_exit_profile_output
ffffffff  __TI_pprof_out_hndl            
ffffffff  __TI_prof_data_size            
ffffffff  __TI_prof_data_start           
20004ff8  __TI_static_base__             
200047fb  __aeabi_memclr                 
200047fb  __aeabi_memclr4                
200047fb  __aeabi_memclr8                
20004655  __aeabi_memcpy                 
20004655  __aeabi_memcpy4                
20004655  __aeabi_memcpy8                
200047fd  __aeabi_memset                 
200047fd  __aeabi_memset4                
200047fd  __aeabi_memset8                
ffffffff  __binit__                      
ffffffff  __c_args__                     
2000494f  __mpu_init                     
2002faec  __stack                        
20004ccd  _args_main                     
20004a79  _c_int00                       
2001700c  _lock                          
20004d83  _nop                           
20004d7b  _register_lock                 
20004d75  _register_unlock               
20004dc9  _system_post_cinit             
20004dc5  _system_pre_init               
20017010  _unlock                        
20004955  abort                          
ffffffff  binit                          
200049a5  copy_in                        
2000495d  exit                           
20004000  g_pfnVectors                   
20017014  k                              
200044e7  main                           
20017018  main_func_sp                   
20004655  memcpy                         
20004803  memset                         


GLOBAL SYMBOLS: SORTED BY Symbol Address 

address   name                           
-------   ----                           
00000512  __STACK_SIZE                   
20004000  g_pfnVectors                   
20004309  PinMuxConfig                   
20004465  INT_init                       
200044af  ADC_init                       
200044e7  main                           
20004507  INT_2                          
20004509  INT_1                          
20004513  ADC_1                          
2000454f  ADC_0                          
200045ad  IntEnable                      
20004655  __aeabi_memcpy                 
20004655  __aeabi_memcpy4                
20004655  __aeabi_memcpy8                
20004655  memcpy                         
200046f1  PinConfigSet                   
20004779  GPIOIntTypeSet                 
200047fb  __aeabi_memclr                 
200047fb  __aeabi_memclr4                
200047fb  __aeabi_memclr8                
200047fd  __aeabi_memset                 
200047fd  __aeabi_memset4                
200047fd  __aeabi_memset8                
20004803  memset                         
20004875  __TI_auto_init                 
2000494f  __mpu_init                     
20004951  C$$EXIT                        
20004955  abort                          
2000495d  exit                           
200049a5  copy_in                        
20004a39  PinModeSet                     
20004a79  _c_int00                       
20004ab9  PRCMPeripheralClkEnable        
20004af5  ADCChannelDisable              
20004b2d  ADCChannelEnable               
20004b65  GPIODirModeSet                 
20004b9b  PinTypeGPIO                    
20004bcb  ADCTimerConfig                 
20004bed  GPIOPinWrite                   
20004c0d  IntRegister                    
20004c2d  GPIOIntRegister                
20004c4b  ADCFIFOLvlGet                  
20004c67  GPIOIntEnable                  
20004c81  PinTypeTimer                   
20004c9b  PinTypeUART                    
20004cb5  ADCFIFORead                    
20004ccd  _args_main                     
20004ce5  ADCTimerDisable                
20004cfb  ADCTimerEnable                 
20004d11  ADCEnable                      
20004d25  CPUcpsid                       
20004d39  CPUcpsie                       
20004d4d  IntVTableBaseSet               
20004d61  PinTypeADC                     
20004d75  _register_unlock               
20004d7b  _register_lock                 
20004d83  _nop                           
20004d89  __TI_decompress_none           
20004d97  ResetISR                       
20004da5  IntMasterDisable               
20004daf  IntMasterEnable                
20004db9  UtilsDelay                     
20004dbf  __TI_decompress_rle24          
20004dc5  _system_pre_init               
20004dc9  _system_post_cinit             
20004ff8  __TI_static_base__             
20005010  __TI_Handler_Table_Base        
20005018  __TI_CINIT_Base                
20005018  __TI_Handler_Table_Limit       
20005020  __TI_CINIT_Limit               
20017000  __TI_cleanup_ptr               
20017004  __TI_dtors_ptr                 
20017008  __TI_enable_exit_profile_output
2001700c  _lock                          
20017010  _unlock                        
20017014  k                              
20017018  main_func_sp                   
2002faec  __stack                        
2002fffe  __STACK_END                    
ffffffff  __TI_pprof_out_hndl            
ffffffff  __TI_prof_data_size            
ffffffff  __TI_prof_data_start           
ffffffff  __binit__                      
ffffffff  __c_args__                     
ffffffff  binit                          
UNDEFED   SHT$$INIT_ARRAY$$Base          
UNDEFED   SHT$$INIT_ARRAY$$Limit         

[87 symbols]
