******************************************************************************
                  TI ARM Linker PC v15.12.1                    
******************************************************************************
>> Linked Wed Jun 29 23:03:39 2016

OUTPUT FILE NAME:   <GHpower.out>
ENTRY POINT SYMBOL: "_c_int00"  address: 20005e5d


MEMORY CONFIGURATION

         name            origin    length      used     unused   attr    fill
----------------------  --------  ---------  --------  --------  ----  --------
  SRAM_CODE             20004000   00012fff  00002558  00010aa7  RW X
  SRAM_DATA             20017000   00019000  000014ee  00017b12  RW X


SEGMENT ALLOCATION MAP

run origin  load origin   length   init length attrs members
----------  ----------- ---------- ----------- ----- -------
20004000    20004000    0000255c   0000255c    r-x
  20004000    20004000    00000308   00000308    r-- .intvecs
  20004308    20004308    00001fbc   00001fbc    r-x .text
  200062c8    200062c8    00000258   00000258    r-- .const
  20006520    20006520    0000003c   0000003c    r-- .cinit
20017000    20017000    00000fdc   00000000    rw-
  20017000    20017000    00000fa8   00000000    rw- .bss
  20017fa8    20017fa8    00000034   00000000    rw- .data
2002faec    2002faec    00000512   00000000    rw-
  2002faec    2002faec    00000512   00000000    rw- .stack


SECTION ALLOCATION MAP

 output                                  attributes/
section   page    origin      length       input sections
--------  ----  ----------  ----------   ----------------
.intvecs   0    20004000    00000308     
                  20004000    00000308     startup_ccs.obj (.intvecs)

.init_array 
*          0    20004000    00000000     UNINITIALIZED

.text      0    20004308    00001fbc     
                  20004308    000009a4     rtsv7M4_T_le_eabi.lib : e_pow.obj (.text)
                  20004cac    00000364     main.obj (.text)
                  20005010    000001b6     rtsv7M4_T_le_eabi.lib : fd_add_t2.obj (.text)
                  200051c6    00000002                           : mpu_init.obj (.text)
                  200051c8    00000170                           : e_sqrt.obj (.text)
                  20005338    0000014c     pin_mux_config.obj (.text)
                  20005484    00000136     rtsv7M4_T_le_eabi.lib : fd_div_t2.obj (.text)
                  200055ba    000000fc                           : fd_mul_t2.obj (.text)
                  200056b6    00000002                           : startup.obj (.text)
                  200056b8    000000d0                           : s_scalbn.obj (.text)
                  20005788    000000a8     driverlib.a : interrupt.obj (.text:IntEnable)
                  20005830    0000009c     rtsv7M4_T_le_eabi.lib : memcpy_t2.obj (.text)
                  200058cc    00000088     driverlib.a : pin.obj (.text:PinConfigSet)
                  20005954    00000086     rtsv7M4_T_le_eabi.lib : fd_cmp_t2.obj (.text:__aeabi_cdcmple)
                  200059da    00000086                           : fd_cmp_t2.obj (.text:__aeabi_cdrcmple)
                  20005a60    00000082     driverlib.a : gpio.obj (.text:GPIOIntTypeSet)
                  20005ae2    0000007a     rtsv7M4_T_le_eabi.lib : memset_t2.obj (.text)
                  20005b5c    00000070     driverlib.a : timer.obj (.text:TimerIntRegister)
                  20005bcc    00000070     rtsv7M4_T_le_eabi.lib : autoinit.obj (.text)
                  20005c3c    0000006a                           : copy_decompress_rle.obj (.text)
                  20005ca6    00000002     --HOLE-- [fill = 0]
                  20005ca8    00000054                           : exit.obj (.text)
                  20005cfc    0000004c                           : cpy_tbl.obj (.text)
                  20005d48    00000048     driverlib.a : gpio.obj (.text:GPIOGetIntNumber)
                  20005d90    00000048     rtsv7M4_T_le_eabi.lib : fd_toi_t2.obj (.text)
                  20005dd8    00000044     driverlib.a : timer.obj (.text:TimerConfigure)
                  20005e1c    00000040                 : pin.obj (.text:PinModeSet)
                  20005e5c    00000040     rtsv7M4_T_le_eabi.lib : boot.obj (.text)
                  20005e9c    0000003c     driverlib.a : prcm.obj (.text:PRCMPeripheralClkEnable)
                  20005ed8    00000038                 : adc.obj (.text:ADCChannelDisable)
                  20005f10    00000038                 : adc.obj (.text:ADCChannelEnable)
                  20005f48    00000036                 : gpio.obj (.text:GPIODirModeSet)
                  20005f7e    00000030                 : pin.obj (.text:PinTypeGPIO)
                  20005fae    0000002e     rtsv7M4_T_le_eabi.lib : i_tofd_t2.obj (.text)
                  20005fdc    0000002a     driverlib.a : timer.obj (.text:TimerLoadSet)
                  20006006    0000002a                 : timer.obj (.text:TimerPrescaleSet)
                  20006030    00000022                 : adc.obj (.text:ADCTimerConfig)
                  20006052    00000020                 : gpio.obj (.text:GPIOPinWrite)
                  20006072    00000002     --HOLE-- [fill = 0]
                  20006074    00000020                 : interrupt.obj (.text:IntRegister)
                  20006094    0000001e                 : gpio.obj (.text:GPIOIntRegister)
                  200060b2    0000001e                 : timer.obj (.text:TimerDisable)
                  200060d0    0000001e                 : timer.obj (.text:TimerEnable)
                  200060ee    0000001c                 : adc.obj (.text:ADCFIFOLvlGet)
                  2000610a    0000001a                 : gpio.obj (.text:GPIOIntEnable)
                  20006124    0000001a                 : pin.obj (.text:PinTypeTimer)
                  2000613e    0000001a                 : pin.obj (.text:PinTypeUART)
                  20006158    00000018                 : adc.obj (.text:ADCFIFORead)
                  20006170    00000018                 : gpio.obj (.text:GPIOPinRead)
                  20006188    00000018                 : timer.obj (.text:TimerIntEnable)
                  200061a0    00000018     rtsv7M4_T_le_eabi.lib : args_main.obj (.text)
                  200061b8    00000016     driverlib.a : adc.obj (.text:ADCTimerDisable)
                  200061ce    00000016                 : adc.obj (.text:ADCTimerEnable)
                  200061e4    00000014                 : adc.obj (.text:ADCEnable)
                  200061f8    00000014                 : cpu.obj (.text:CPUcpsid)
                  2000620c    00000014                 : cpu.obj (.text:CPUcpsie)
                  20006220    00000014                 : gpio.obj (.text:GPIOIntClear)
                  20006234    00000014                 : interrupt.obj (.text:IntVTableBaseSet)
                  20006248    00000014                 : pin.obj (.text:PinTypeADC)
                  2000625c    00000014     rtsv7M4_T_le_eabi.lib : _lock.obj (.text)
                  20006270    00000012     driverlib.a : timer.obj (.text:TimerIntClear)
                  20006282    0000000e     rtsv7M4_T_le_eabi.lib : copy_decompress_none.obj (.text:decompress:none)
                  20006290    0000000e     startup_ccs.obj (.text)
                  2000629e    0000000a     driverlib.a : interrupt.obj (.text:IntMasterDisable)
                  200062a8    0000000a                 : interrupt.obj (.text:IntMasterEnable)
                  200062b2    00000008     rtsv7M4_T_le_eabi.lib : s_copysign.obj (.text)
                  200062ba    00000006                           : copy_decompress_rle.obj (.text:decompress:rle24)
                  200062c0    00000004                           : pre_init.obj (.text)

.const     0    200062c8    00000258     
                  200062c8    00000100     driverlib.a : pin.obj (.const:g_ulPinToPadMap)
                  200063c8    000000a8                 : prcm.obj (.const:PRCM_PeriphRegsList)
                  20006470    00000080                 : interrupt.obj (.const)
                  200064f0    00000030     rtsv7M4_T_le_eabi.lib : e_pow.obj (.const:$O1$$)

.cinit     0    20006520    0000003c     
                  20006520    00000018     (.cinit..data.load) [load image, compression = rle]
                  20006538    0000000b     (.cinit..bss.load) [load image, compression = rle]
                  20006543    00000001     --HOLE-- [fill = 0]
                  20006544    00000008     (__TI_handler_table)
                  2000654c    00000010     (__TI_cinit_table)

.bss       0    20017000    00000fa8     UNINITIALIZED
                  20017000    00000fa0     (.common:volt_samples)
                  20017fa0    00000004     (.common:i)
                  20017fa4    00000004     (.common:k)

.data      0    20017fa8    00000034     UNINITIALIZED
                  20017fa8    00000018     main.obj (.data)
                  20017fc0    0000000c     rtsv7M4_T_le_eabi.lib : exit.obj (.data:$O1$$)
                  20017fcc    00000008                           : _lock.obj (.data:$O1$$)
                  20017fd4    00000004                           : errno.obj (.data)
                  20017fd8    00000004                           : stkdepth_vars.obj (.data)

.stack     0    2002faec    00000512     UNINITIALIZED
                  2002faec    00000512     --HOLE--

MODULE SUMMARY

       Module                     code   ro data   rw data
       ------                     ----   -------   -------
    .\
       main.obj                   868    0         4032   
       startup_ccs.obj            14     776       0      
       pin_mux_config.obj         332    0         0      
    +--+--------------------------+------+---------+---------+
       Total:                     1214   776       4032   
                                                          
    C:/TI/CC3200SDK_1.2.0/cc3200-sdk/driverlib/ccs/Release/driverlib.a
       pin.obj                    320    256       0      
       gpio.obj                   388    0         0      
       interrupt.obj              240    128       0      
       timer.obj                  366    0         0      
       adc.obj                    262    0         0      
       prcm.obj                   60     168       0      
       cpu.obj                    40     0         0      
    +--+--------------------------+------+---------+---------+
       Total:                     1676   552       0      
                                                          
    C:\TI\ccsv6\tools\compiler\ti-cgt-arm_15.12.1.LTS\lib\rtsv7M4_T_le_eabi.lib
       e_pow.obj                  2468   48        0      
       fd_add_t2.obj              438    0         0      
       e_sqrt.obj                 368    0         0      
       fd_div_t2.obj              310    0         0      
       fd_cmp_t2.obj              268    0         0      
       fd_mul_t2.obj              252    0         0      
       s_scalbn.obj               208    0         0      
       memcpy_t2.obj              156    0         0      
       memset_t2.obj              122    0         0      
       autoinit.obj               112    0         0      
       copy_decompress_rle.obj    112    0         0      
       exit.obj                   84     0         12     
       cpy_tbl.obj                76     0         0      
       fd_toi_t2.obj              72     0         0      
       boot.obj                   64     0         0      
       i_tofd_t2.obj              46     0         0      
       _lock.obj                  20     0         8      
       args_main.obj              24     0         0      
       copy_decompress_none.obj   14     0         0      
       s_copysign.obj             8      0         0      
       errno.obj                  0      0         4      
       pre_init.obj               4      0         0      
       stkdepth_vars.obj          0      0         4      
       mpu_init.obj               2      0         0      
       startup.obj                2      0         0      
    +--+--------------------------+------+---------+---------+
       Total:                     5230   48        28     
                                                          
       Stack:                     0      0         1298   
       Linker Generated:          0      59        0      
    +--+--------------------------+------+---------+---------+
       Grand Total:               8120   1435      5358   


LINKER GENERATED COPY TABLES

__TI_cinit_table @ 2000654c records: 2, size/record: 8, table size: 16
	.data: load addr=20006520, load size=00000018 bytes, run addr=20017fa8, run size=00000034 bytes, compression=rle
	.bss: load addr=20006538, load size=0000000b bytes, run addr=20017000, run size=00000fa8 bytes, compression=rle


LINKER GENERATED HANDLER TABLE

__TI_handler_table @ 20006544 records: 2, size/record: 4, table size: 8
	index: 0, handler: __TI_decompress_rle24
	index: 1, handler: __TI_decompress_none


GLOBAL SYMBOLS: SORTED ALPHABETICALLY BY Name 

address   name                           
-------   ----                           
20005ed9  ADCChannelDisable              
20005f11  ADCChannelEnable               
200061e5  ADCEnable                      
200060ef  ADCFIFOLvlGet                  
20006159  ADCFIFORead                    
20006031  ADCTimerConfig                 
200061b9  ADCTimerDisable                
200061cf  ADCTimerEnable                 
20004ea3  ADC_1                          
20004e5b  ADC_2                          
20004e25  ADC_init                       
20005ca9  C$$EXIT                        
200061f9  CPUcpsid                       
2000620d  CPUcpsie                       
20005f49  GPIODirModeSet                 
20006221  GPIOIntClear                   
2000610b  GPIOIntEnable                  
20006095  GPIOIntRegister                
20005a61  GPIOIntTypeSet                 
20006171  GPIOPinRead                    
20006053  GPIOPinWrite                   
20004cad  INT_1                          
20004d4f  INT_2                          
20004ddf  INT_init                       
20005789  IntEnable                      
2000629f  IntMasterDisable               
200062a9  IntMasterEnable                
20006075  IntRegister                    
20006235  IntVTableBaseSet               
20005e9d  PRCMPeripheralClkEnable        
200058cd  PinConfigSet                   
20005e1d  PinModeSet                     
20005339  PinMuxConfig                   
20006249  PinTypeADC                     
20005f7f  PinTypeGPIO                    
20006125  PinTypeTimer                   
2000613f  PinTypeUART                    
20006291  ResetISR                       
UNDEFED   SHT$$INIT_ARRAY$$Base          
UNDEFED   SHT$$INIT_ARRAY$$Limit         
20004eeb  TIMER0A_INT                    
20005dd9  TimerConfigure                 
200060b3  TimerDisable                   
200060d1  TimerEnable                    
20006271  TimerIntClear                  
20006189  TimerIntEnable                 
20005b5d  TimerIntRegister               
20005fdd  TimerLoadSet                   
20006007  TimerPrescaleSet               
20004f1f  Timer_init                     
2002fffe  __STACK_END                    
00000512  __STACK_SIZE                   
2000654c  __TI_CINIT_Base                
2000655c  __TI_CINIT_Limit               
20006544  __TI_Handler_Table_Base        
2000654c  __TI_Handler_Table_Limit       
20005bcd  __TI_auto_init                 
20017fc0  __TI_cleanup_ptr               
20006283  __TI_decompress_none           
200062bb  __TI_decompress_rle24          
20017fc4  __TI_dtors_ptr                 
20017fc8  __TI_enable_exit_profile_output
ffffffff  __TI_pprof_out_hndl            
ffffffff  __TI_prof_data_size            
ffffffff  __TI_prof_data_start           
20006520  __TI_static_base__             
20005955  __aeabi_cdcmpeq                
20005955  __aeabi_cdcmple                
200059db  __aeabi_cdrcmple               
20005d91  __aeabi_d2iz                   
2000501b  __aeabi_dadd                   
20005485  __aeabi_ddiv                   
200055bb  __aeabi_dmul                   
20005011  __aeabi_dsub                   
20005faf  __aeabi_i2d                    
20005ae3  __aeabi_memclr                 
20005ae3  __aeabi_memclr4                
20005ae3  __aeabi_memclr8                
20005831  __aeabi_memcpy                 
20005831  __aeabi_memcpy4                
20005831  __aeabi_memcpy8                
20005ae5  __aeabi_memset                 
20005ae5  __aeabi_memset4                
20005ae5  __aeabi_memset8                
ffffffff  __binit__                      
ffffffff  __c_args__                     
200051c7  __mpu_init                     
2002faec  __stack                        
200061a1  _args_main                     
20005e5d  _c_int00                       
20017fcc  _lock                          
2000626b  _nop                           
20006263  _register_lock                 
2000625d  _register_unlock               
200056b7  _system_post_cinit             
200062c1  _system_pre_init               
20017fd0  _unlock                        
20005cad  abort                          
ffffffff  binit                          
20005cfd  copy_in                        
200062b3  copysign                       
200062b3  copysignl                      
20017fd4  errno                          
20005cb5  exit                           
20004000  g_pfnVectors                   
20017fa0  i                              
20017fa4  k                              
200056b9  ldexp                          
200056b9  ldexpl                         
20004f77  main                           
20017fd8  main_func_sp                   
20005831  memcpy                         
20005aeb  memset                         
20004309  pow                            
20004309  powl                           
20017fb8  queue_length1                  
20017fbc  queue_length2                  
20017fb0  rms_curr                       
20017fa8  rms_volt                       
200056b9  scalbn                         
200056b9  scalbnl                        
200051c9  sqrt                           
200051c9  sqrtl                          
20017000  volt_samples                   


GLOBAL SYMBOLS: SORTED BY Symbol Address 

address   name                           
-------   ----                           
00000512  __STACK_SIZE                   
20004000  g_pfnVectors                   
20004309  pow                            
20004309  powl                           
20004cad  INT_1                          
20004d4f  INT_2                          
20004ddf  INT_init                       
20004e25  ADC_init                       
20004e5b  ADC_2                          
20004ea3  ADC_1                          
20004eeb  TIMER0A_INT                    
20004f1f  Timer_init                     
20004f77  main                           
20005011  __aeabi_dsub                   
2000501b  __aeabi_dadd                   
200051c7  __mpu_init                     
200051c9  sqrt                           
200051c9  sqrtl                          
20005339  PinMuxConfig                   
20005485  __aeabi_ddiv                   
200055bb  __aeabi_dmul                   
200056b7  _system_post_cinit             
200056b9  ldexp                          
200056b9  ldexpl                         
200056b9  scalbn                         
200056b9  scalbnl                        
20005789  IntEnable                      
20005831  __aeabi_memcpy                 
20005831  __aeabi_memcpy4                
20005831  __aeabi_memcpy8                
20005831  memcpy                         
200058cd  PinConfigSet                   
20005955  __aeabi_cdcmpeq                
20005955  __aeabi_cdcmple                
200059db  __aeabi_cdrcmple               
20005a61  GPIOIntTypeSet                 
20005ae3  __aeabi_memclr                 
20005ae3  __aeabi_memclr4                
20005ae3  __aeabi_memclr8                
20005ae5  __aeabi_memset                 
20005ae5  __aeabi_memset4                
20005ae5  __aeabi_memset8                
20005aeb  memset                         
20005b5d  TimerIntRegister               
20005bcd  __TI_auto_init                 
20005ca9  C$$EXIT                        
20005cad  abort                          
20005cb5  exit                           
20005cfd  copy_in                        
20005d91  __aeabi_d2iz                   
20005dd9  TimerConfigure                 
20005e1d  PinModeSet                     
20005e5d  _c_int00                       
20005e9d  PRCMPeripheralClkEnable        
20005ed9  ADCChannelDisable              
20005f11  ADCChannelEnable               
20005f49  GPIODirModeSet                 
20005f7f  PinTypeGPIO                    
20005faf  __aeabi_i2d                    
20005fdd  TimerLoadSet                   
20006007  TimerPrescaleSet               
20006031  ADCTimerConfig                 
20006053  GPIOPinWrite                   
20006075  IntRegister                    
20006095  GPIOIntRegister                
200060b3  TimerDisable                   
200060d1  TimerEnable                    
200060ef  ADCFIFOLvlGet                  
2000610b  GPIOIntEnable                  
20006125  PinTypeTimer                   
2000613f  PinTypeUART                    
20006159  ADCFIFORead                    
20006171  GPIOPinRead                    
20006189  TimerIntEnable                 
200061a1  _args_main                     
200061b9  ADCTimerDisable                
200061cf  ADCTimerEnable                 
200061e5  ADCEnable                      
200061f9  CPUcpsid                       
2000620d  CPUcpsie                       
20006221  GPIOIntClear                   
20006235  IntVTableBaseSet               
20006249  PinTypeADC                     
2000625d  _register_unlock               
20006263  _register_lock                 
2000626b  _nop                           
20006271  TimerIntClear                  
20006283  __TI_decompress_none           
20006291  ResetISR                       
2000629f  IntMasterDisable               
200062a9  IntMasterEnable                
200062b3  copysign                       
200062b3  copysignl                      
200062bb  __TI_decompress_rle24          
200062c1  _system_pre_init               
20006520  __TI_static_base__             
20006544  __TI_Handler_Table_Base        
2000654c  __TI_CINIT_Base                
2000654c  __TI_Handler_Table_Limit       
2000655c  __TI_CINIT_Limit               
20017000  volt_samples                   
20017fa0  i                              
20017fa4  k                              
20017fa8  rms_volt                       
20017fb0  rms_curr                       
20017fb8  queue_length1                  
20017fbc  queue_length2                  
20017fc0  __TI_cleanup_ptr               
20017fc4  __TI_dtors_ptr                 
20017fc8  __TI_enable_exit_profile_output
20017fcc  _lock                          
20017fd0  _unlock                        
20017fd4  errno                          
20017fd8  main_func_sp                   
2002faec  __stack                        
2002fffe  __STACK_END                    
ffffffff  __TI_pprof_out_hndl            
ffffffff  __TI_prof_data_size            
ffffffff  __TI_prof_data_start           
ffffffff  __binit__                      
ffffffff  __c_args__                     
ffffffff  binit                          
UNDEFED   SHT$$INIT_ARRAY$$Base          
UNDEFED   SHT$$INIT_ARRAY$$Limit         

[124 symbols]
