******************************************************************************
                  TI ARM Linker PC v15.12.1                    
******************************************************************************
>> Linked Mon Jun 27 15:53:42 2016

OUTPUT FILE NAME:   <GHpower.out>
ENTRY POINT SYMBOL: "_c_int00"  address: 20004981


MEMORY CONFIGURATION

         name            origin    length      used     unused   attr    fill
----------------------  --------  ---------  --------  --------  ----  --------
  SRAM_CODE             20004000   00012fff  00000df8  00012207  RW X
  SRAM_DATA             20017000   00019000  0000052a  00018ad6  RW X


SEGMENT ALLOCATION MAP

run origin  load origin   length   init length attrs members
----------  ----------- ---------- ----------- ----- -------
20004000    20004000    00000df8   00000df8    r-x
  20004000    20004000    00000308   00000308    r-- .intvecs
  20004308    20004308    000008a0   000008a0    r-x .text
  20004ba8    20004ba8    00000228   00000228    r-- .const
  20004dd0    20004dd0    00000028   00000028    r-- .cinit
20017000    20017000    00000018   00000000    rw-
  20017000    20017000    00000018   00000000    rw- .data
2002faec    2002faec    00000512   00000000    rw-
  2002faec    2002faec    00000512   00000000    rw- .stack


SECTION ALLOCATION MAP

 output                                  attributes/
section   page    origin      length       input sections
--------  ----  ----------  ----------   ----------------
.intvecs   0    20004000    00000308     
                  20004000    00000308     startup_ccs.obj (.intvecs)

.init_array 
*          0    20004000    00000000     UNINITIALIZED

.text      0    20004308    000008a0     
                  20004308    00000158     pin_mux_config.obj (.text)
                  20004460    000000a8     driverlib.a : interrupt.obj (.text:IntEnable)
                  20004508    0000009c     rtsv7M4_T_le_eabi.lib : memcpy_t2.obj (.text)
                  200045a4    00000088     driverlib.a : pin.obj (.text:PinConfigSet)
                  2000462c    00000082                 : gpio.obj (.text:GPIOIntTypeSet)
                  200046ae    0000007a     rtsv7M4_T_le_eabi.lib : memset_t2.obj (.text)
                  20004728    00000070                           : autoinit.obj (.text)
                  20004798    0000006a                           : copy_decompress_rle.obj (.text)
                  20004802    00000002                           : mpu_init.obj (.text)
                  20004804    00000054     main.obj (.text)
                  20004858    00000054     rtsv7M4_T_le_eabi.lib : exit.obj (.text)
                  200048ac    0000004c                           : cpy_tbl.obj (.text)
                  200048f8    00000048     driverlib.a : gpio.obj (.text:GPIOGetIntNumber)
                  20004940    00000040                 : pin.obj (.text:PinModeSet)
                  20004980    00000040     rtsv7M4_T_le_eabi.lib : boot.obj (.text)
                  200049c0    0000003c     driverlib.a : prcm.obj (.text:PRCMPeripheralClkEnable)
                  200049fc    00000036                 : gpio.obj (.text:GPIODirModeSet)
                  20004a32    00000030                 : pin.obj (.text:PinTypeGPIO)
                  20004a62    00000020                 : gpio.obj (.text:GPIOPinWrite)
                  20004a82    00000002     rtsv7M4_T_le_eabi.lib : startup.obj (.text)
                  20004a84    00000020     driverlib.a : interrupt.obj (.text:IntRegister)
                  20004aa4    0000001e                 : gpio.obj (.text:GPIOIntRegister)
                  20004ac2    0000001a                 : gpio.obj (.text:GPIOIntEnable)
                  20004adc    0000001a                 : pin.obj (.text:PinTypeTimer)
                  20004af6    0000001a                 : pin.obj (.text:PinTypeUART)
                  20004b10    00000018     rtsv7M4_T_le_eabi.lib : args_main.obj (.text)
                  20004b28    00000014     driverlib.a : cpu.obj (.text:CPUcpsie)
                  20004b3c    00000014                 : interrupt.obj (.text:IntVTableBaseSet)
                  20004b50    00000014                 : pin.obj (.text:PinTypeADC)
                  20004b64    00000014     rtsv7M4_T_le_eabi.lib : _lock.obj (.text)
                  20004b78    0000000e                           : copy_decompress_none.obj (.text:decompress:none)
                  20004b86    0000000e     startup_ccs.obj (.text)
                  20004b94    0000000a     driverlib.a : interrupt.obj (.text:IntMasterEnable)
                  20004b9e    00000006     rtsv7M4_T_le_eabi.lib : copy_decompress_rle.obj (.text:decompress:rle24)
                  20004ba4    00000004                           : pre_init.obj (.text)

.const     0    20004ba8    00000228     
                  20004ba8    00000100     driverlib.a : pin.obj (.const:g_ulPinToPadMap)
                  20004ca8    000000a8                 : prcm.obj (.const:PRCM_PeriphRegsList)
                  20004d50    00000080                 : interrupt.obj (.const)

.cinit     0    20004dd0    00000028     
                  20004dd0    00000018     (.cinit..data.load) [load image, compression = rle]
                  20004de8    00000008     (__TI_handler_table)
                  20004df0    00000008     (__TI_cinit_table)

.data      0    20017000    00000018     UNINITIALIZED
                  20017000    0000000c     rtsv7M4_T_le_eabi.lib : exit.obj (.data:$O1$$)
                  2001700c    00000008                           : _lock.obj (.data:$O1$$)
                  20017014    00000004                           : stkdepth_vars.obj (.data)

.stack     0    2002faec    00000512     UNINITIALIZED
                  2002faec    00000512     --HOLE--

MODULE SUMMARY

       Module                     code   ro data   rw data
       ------                     ----   -------   -------
    .\
       startup_ccs.obj            14     776       0      
       pin_mux_config.obj         344    0         0      
       main.obj                   84     0         0      
    +--+--------------------------+------+---------+---------+
       Total:                     442    776       0      
                                                          
    C:/TI/CC3200SDK_1.2.0/cc3200-sdk/driverlib/ccs/Release/driverlib.a
       pin.obj                    320    256       0      
       interrupt.obj              230    128       0      
       gpio.obj                   344    0         0      
       prcm.obj                   60     168       0      
       cpu.obj                    20     0         0      
    +--+--------------------------+------+---------+---------+
       Total:                     974    552       0      
                                                          
    C:\TI\ccsv6\tools\compiler\ti-cgt-arm_15.12.1.LTS\lib\rtsv7M4_T_le_eabi.lib
       memcpy_t2.obj              156    0         0      
       memset_t2.obj              122    0         0      
       autoinit.obj               112    0         0      
       copy_decompress_rle.obj    112    0         0      
       exit.obj                   84     0         12     
       cpy_tbl.obj                76     0         0      
       boot.obj                   64     0         0      
       _lock.obj                  20     0         8      
       args_main.obj              24     0         0      
       copy_decompress_none.obj   14     0         0      
       pre_init.obj               4      0         0      
       stkdepth_vars.obj          0      0         4      
       mpu_init.obj               2      0         0      
       startup.obj                2      0         0      
    +--+--------------------------+------+---------+---------+
       Total:                     792    0         24     
                                                          
       Stack:                     0      0         1298   
       Linker Generated:          0      40        0      
    +--+--------------------------+------+---------+---------+
       Grand Total:               2208   1368      1322   


LINKER GENERATED COPY TABLES

__TI_cinit_table @ 20004df0 records: 1, size/record: 8, table size: 8
	.data: load addr=20004dd0, load size=00000018 bytes, run addr=20017000, run size=00000018 bytes, compression=rle


LINKER GENERATED HANDLER TABLE

__TI_handler_table @ 20004de8 records: 2, size/record: 4, table size: 8
	index: 0, handler: __TI_decompress_rle24
	index: 1, handler: __TI_decompress_none


GLOBAL SYMBOLS: SORTED ALPHABETICALLY BY Name 

address   name                           
-------   ----                           
20004859  C$$EXIT                        
20004b29  CPUcpsie                       
200049fd  GPIODirModeSet                 
20004ac3  GPIOIntEnable                  
20004aa5  GPIOIntRegister                
2000462d  GPIOIntTypeSet                 
20004a63  GPIOPinWrite                   
20004805  INT_SW2                        
20004461  IntEnable                      
20004b95  IntMasterEnable                
20004a85  IntRegister                    
20004b3d  IntVTableBaseSet               
200049c1  PRCMPeripheralClkEnable        
200045a5  PinConfigSet                   
20004941  PinModeSet                     
20004309  PinMuxConfig                   
20004b51  PinTypeADC                     
20004a33  PinTypeGPIO                    
20004add  PinTypeTimer                   
20004af7  PinTypeUART                    
20004b87  ResetISR                       
UNDEFED   SHT$$INIT_ARRAY$$Base          
UNDEFED   SHT$$INIT_ARRAY$$Limit         
2002fffe  __STACK_END                    
00000512  __STACK_SIZE                   
20004df0  __TI_CINIT_Base                
20004df8  __TI_CINIT_Limit               
20004de8  __TI_Handler_Table_Base        
20004df0  __TI_Handler_Table_Limit       
20004729  __TI_auto_init                 
20017000  __TI_cleanup_ptr               
20004b79  __TI_decompress_none           
20004b9f  __TI_decompress_rle24          
20017004  __TI_dtors_ptr                 
20017008  __TI_enable_exit_profile_output
ffffffff  __TI_pprof_out_hndl            
ffffffff  __TI_prof_data_size            
ffffffff  __TI_prof_data_start           
20004dd0  __TI_static_base__             
200046af  __aeabi_memclr                 
200046af  __aeabi_memclr4                
200046af  __aeabi_memclr8                
20004509  __aeabi_memcpy                 
20004509  __aeabi_memcpy4                
20004509  __aeabi_memcpy8                
200046b1  __aeabi_memset                 
200046b1  __aeabi_memset4                
200046b1  __aeabi_memset8                
ffffffff  __binit__                      
ffffffff  __c_args__                     
20004803  __mpu_init                     
2002faec  __stack                        
20004b11  _args_main                     
20004981  _c_int00                       
2001700c  _lock                          
20004b73  _nop                           
20004b6b  _register_lock                 
20004b65  _register_unlock               
20004a83  _system_post_cinit             
20004ba5  _system_pre_init               
20017010  _unlock                        
2000485d  abort                          
ffffffff  binit                          
200048ad  copy_in                        
20004865  exit                           
20004000  g_pfnVectors                   
20004813  main                           
20017014  main_func_sp                   
20004509  memcpy                         
200046b7  memset                         


GLOBAL SYMBOLS: SORTED BY Symbol Address 

address   name                           
-------   ----                           
00000512  __STACK_SIZE                   
20004000  g_pfnVectors                   
20004309  PinMuxConfig                   
20004461  IntEnable                      
20004509  __aeabi_memcpy                 
20004509  __aeabi_memcpy4                
20004509  __aeabi_memcpy8                
20004509  memcpy                         
200045a5  PinConfigSet                   
2000462d  GPIOIntTypeSet                 
200046af  __aeabi_memclr                 
200046af  __aeabi_memclr4                
200046af  __aeabi_memclr8                
200046b1  __aeabi_memset                 
200046b1  __aeabi_memset4                
200046b1  __aeabi_memset8                
200046b7  memset                         
20004729  __TI_auto_init                 
20004803  __mpu_init                     
20004805  INT_SW2                        
20004813  main                           
20004859  C$$EXIT                        
2000485d  abort                          
20004865  exit                           
200048ad  copy_in                        
20004941  PinModeSet                     
20004981  _c_int00                       
200049c1  PRCMPeripheralClkEnable        
200049fd  GPIODirModeSet                 
20004a33  PinTypeGPIO                    
20004a63  GPIOPinWrite                   
20004a83  _system_post_cinit             
20004a85  IntRegister                    
20004aa5  GPIOIntRegister                
20004ac3  GPIOIntEnable                  
20004add  PinTypeTimer                   
20004af7  PinTypeUART                    
20004b11  _args_main                     
20004b29  CPUcpsie                       
20004b3d  IntVTableBaseSet               
20004b51  PinTypeADC                     
20004b65  _register_unlock               
20004b6b  _register_lock                 
20004b73  _nop                           
20004b79  __TI_decompress_none           
20004b87  ResetISR                       
20004b95  IntMasterEnable                
20004b9f  __TI_decompress_rle24          
20004ba5  _system_pre_init               
20004dd0  __TI_static_base__             
20004de8  __TI_Handler_Table_Base        
20004df0  __TI_CINIT_Base                
20004df0  __TI_Handler_Table_Limit       
20004df8  __TI_CINIT_Limit               
20017000  __TI_cleanup_ptr               
20017004  __TI_dtors_ptr                 
20017008  __TI_enable_exit_profile_output
2001700c  _lock                          
20017010  _unlock                        
20017014  main_func_sp                   
2002faec  __stack                        
2002fffe  __STACK_END                    
ffffffff  __TI_pprof_out_hndl            
ffffffff  __TI_prof_data_size            
ffffffff  __TI_prof_data_start           
ffffffff  __binit__                      
ffffffff  __c_args__                     
ffffffff  binit                          
UNDEFED   SHT$$INIT_ARRAY$$Base          
UNDEFED   SHT$$INIT_ARRAY$$Limit         

[70 symbols]
